\BOOKMARK [1][-]{section.1}{\376\377\0001\000\040\000I\000n\000t\000r\000o\000d\000u\000c\000t\000i\000o\000n}{}% 1
\BOOKMARK [1][-]{section.2}{\376\377\0002\000\040\000G\000e\000n\000e\000r\000a\000l\000\040\000n\000e\000t\000C\000D\000F\000\040\000f\000i\000l\000e\000\040\000s\000t\000r\000u\000c\000t\000u\000r\000e}{}% 2
\BOOKMARK [1][-]{section.3}{\376\377\0003\000\040\000G\000e\000n\000e\000r\000a\000l\000\040\000S\000M\000S\000+\000+\000\040\000f\000i\000l\000e\000\040\000s\000t\000r\000u\000c\000t\000u\000r\000e}{}% 3
\BOOKMARK [2][-]{subsection.3.1}{\376\377\0003\000.\0001\000\040\000B\000l\000o\000c\000k\000\040\000d\000e\000s\000c\000r\000i\000p\000t\000i\000o\000n}{section.3}% 4
\BOOKMARK [2][-]{subsection.3.2}{\376\377\0003\000.\0002\000\040\000C\000o\000n\000f\000i\000g\000u\000r\000a\000t\000i\000o\000n\000\040\000d\000e\000s\000c\000r\000i\000p\000t\000i\000o\000n}{section.3}% 5
\BOOKMARK [3][-]{subsubsection.3.2.1}{\376\377\0003\000.\0002\000.\0001\000\040\000B\000l\000o\000c\000k\000C\000o\000n\000f\000i\000g\000\040\000d\000e\000s\000c\000r\000i\000p\000t\000i\000o\000n}{subsection.3.2}% 6
\BOOKMARK [3][-]{subsubsection.3.2.2}{\376\377\0003\000.\0002\000.\0002\000\040\000B\000l\000o\000c\000k\000S\000o\000l\000v\000e\000r\000C\000o\000n\000f\000i\000g\000\040\000d\000e\000s\000c\000r\000i\000p\000t\000i\000o\000n}{subsection.3.2}% 7
\BOOKMARK [3][-]{subsubsection.3.2.3}{\376\377\0003\000.\0002\000.\0003\000\040\000C\000o\000m\000p\000u\000t\000e\000C\000o\000n\000f\000i\000g\000\040\000d\000e\000s\000c\000r\000i\000p\000t\000i\000o\000n}{subsection.3.2}% 8
\BOOKMARK [1][-]{section.4}{\376\377\0004\000\040\000F\000i\000l\000e\000\040\000f\000o\000r\000m\000a\000t\000s\000\040\000o\000f\000\040\000e\000x\000i\000s\000t\000i\000n\000g\000\040\000:\000B\000l\000o\000c\000k}{}% 9
\BOOKMARK [2][-]{subsection.4.1}{\376\377\0004\000.\0001\000\040\000S\000i\000m\000p\000l\000e\000M\000I\000L\000P\000B\000l\000o\000c\000k}{section.4}% 10
\BOOKMARK [2][-]{subsection.4.2}{\376\377\0004\000.\0002\000\040\000S\000t\000r\000u\000c\000t\000u\000r\000e\000d\000M\000I\000L\000P\000B\000l\000o\000c\000k}{section.4}% 11
\BOOKMARK [2][-]{subsection.4.3}{\376\377\0004\000.\0003\000\040\000M\000C\000F\000B\000l\000o\000c\000k}{section.4}% 12
\BOOKMARK [2][-]{subsection.4.4}{\376\377\0004\000.\0004\000\040\000U\000C\000B\000l\000o\000c\000k}{section.4}% 13
\BOOKMARK [2][-]{subsection.4.5}{\376\377\0004\000.\0005\000\040\000U\000n\000i\000t\000B\000l\000o\000c\000k}{section.4}% 14
\BOOKMARK [3][-]{subsubsection.4.5.1}{\376\377\0004\000.\0005\000.\0001\000\040\000T\000h\000e\000r\000m\000a\000l\000U\000n\000i\000t\000B\000l\000o\000c\000k}{subsection.4.5}% 15
\BOOKMARK [3][-]{subsubsection.4.5.2}{\376\377\0004\000.\0005\000.\0002\000\040\000H\000y\000d\000r\000o\000U\000n\000i\000t\000B\000l\000o\000c\000k}{subsection.4.5}% 16
\BOOKMARK [2][-]{subsection.4.6}{\376\377\0004\000.\0006\000\040\000N\000e\000t\000w\000o\000r\000k\000B\000l\000o\000c\000k}{section.4}% 17
\BOOKMARK [3][-]{subsubsection.4.6.1}{\376\377\0004\000.\0006\000.\0001\000\040\000B\000u\000s\000N\000e\000t\000w\000o\000r\000k\000B\000l\000o\000c\000k}{subsection.4.6}% 18
\BOOKMARK [3][-]{subsubsection.4.6.2}{\376\377\0004\000.\0006\000.\0002\000\040\000D\000C\000N\000e\000t\000w\000o\000r\000k\000B\000l\000o\000c\000k}{subsection.4.6}% 19
\BOOKMARK [2][-]{subsection.4.7}{\376\377\0004\000.\0007\000\040\000H\000e\000a\000t\000B\000l\000o\000c\000k}{section.4}% 20
\BOOKMARK [1][-]{section.5}{\376\377\0005\000\040\000B\000l\000o\000c\000k\000C\000o\000n\000f\000i\000g\000\040\000f\000o\000r\000\040\000e\000x\000i\000s\000t\000i\000n\000g\000\040\000:\000B\000l\000o\000c\000k}{}% 21
\BOOKMARK [2][-]{subsection.5.1}{\376\377\0005\000.\0001\000\040\000P\000a\000r\000a\000m\000e\000t\000e\000r\000s\000\040\000o\000f\000\040\000M\000C\000F\000B\000l\000o\000c\000k}{section.5}% 22
\BOOKMARK [1][-]{section.6}{\376\377\0006\000\040\000C\000o\000m\000p\000u\000t\000e\000C\000o\000n\000f\000i\000g\000\040\000f\000o\000r\000\040\000e\000x\000i\000s\000t\000i\000n\000g\000\040\000:\000S\000o\000l\000v\000e\000r}{}% 23
\BOOKMARK [2][-]{subsection.6.1}{\376\377\0006\000.\0001\000\040\000S\000t\000a\000n\000d\000a\000r\000d\000\040\000p\000a\000r\000a\000m\000e\000t\000e\000r\000s\000\040\000i\000n\000\040\000S\000o\000l\000v\000e\000r}{section.6}% 24
\BOOKMARK [2][-]{subsection.6.2}{\376\377\0006\000.\0002\000\040\000S\000t\000a\000n\000d\000a\000r\000d\000\040\000p\000a\000r\000a\000m\000e\000t\000e\000r\000s\000\040\000i\000n\000\040\000C\000D\000A\000S\000o\000l\000v\000e\000r}{section.6}% 25
\BOOKMARK [2][-]{subsection.6.3}{\376\377\0006\000.\0003\000\040\000S\000t\000a\000n\000d\000a\000r\000d\000\040\000p\000a\000r\000a\000m\000e\000t\000e\000r\000s\000\040\000i\000n\000\040\000F\000u\000n\000c\000t\000i\000o\000n}{section.6}% 26
\BOOKMARK [2][-]{subsection.6.4}{\376\377\0006\000.\0004\000\040\000S\000t\000a\000n\000d\000a\000r\000d\000\040\000p\000a\000r\000a\000m\000e\000t\000e\000r\000s\000\040\000i\000n\000\040\000C\0000\0005\000F\000u\000n\000c\000t\000i\000o\000n}{section.6}% 27
\BOOKMARK [2][-]{subsection.6.5}{\376\377\0006\000.\0005\000\040\000P\000a\000r\000a\000m\000e\000t\000e\000r\000s\000\040\000o\000f\000\040\000M\000C\000F\000S\000o\000l\000v\000e\000r\000<\000M\000C\000F\000C\000>}{section.6}% 28
\BOOKMARK [3][-]{subsubsection.6.5.1}{\376\377\0006\000.\0005\000.\0001\000\040\000P\000a\000r\000a\000m\000e\000t\000e\000r\000s\000\040\000o\000f\000\040\000M\000C\000F\000S\000o\000l\000v\000e\000r\000<\000M\000C\000F\000S\000i\000m\000p\000l\000e\000x\000>}{subsection.6.5}% 29
\BOOKMARK [1][-]{section.7}{\376\377\0007\000\040\000C\000o\000n\000c\000l\000u\000s\000i\000o\000n}{}% 30
